
Memory Configuration

Name             Origin             Length             Attributes
FLASH            0x08000000         0x00100000         xr
SRAM             0x20000000         0x00020000         xrw
*default*        0x00000000         0xffffffff

Linker script and memory map

LOAD obj/main.o
LOAD obj/stm32_startup.o

.text           0x08000000      0x110
 *(.isr_vector)
 .isr_vector    0x08000000        0x8 obj/stm32_startup.o
                0x08000000                vectors
 *(.text)
 .text          0x08000008       0x84 obj/main.o
                0x08000008                main
 .text          0x0800008c       0x84 obj/stm32_startup.o
                0x0800008c                Reset_Handler
 *(.text.*)
 *(.init)
 *(.fini)
 *(.rodata)
 *(.rodata.*)
                0x08000110                . = ALIGN (0x4)
                0x08000110                _etext = .
                0x08000110                _la_data = LOADADDR (.data)

.glue_7         0x08000110        0x0
 .glue_7        0x08000110        0x0 linker stubs

.glue_7t        0x08000110        0x0
 .glue_7t       0x08000110        0x0 linker stubs

.vfp11_veneer   0x08000110        0x0
 .vfp11_veneer  0x08000110        0x0 linker stubs

.v4_bx          0x08000110        0x0
 .v4_bx         0x08000110        0x0 linker stubs

.iplt           0x08000110        0x0
 .iplt          0x08000110        0x0 obj/stm32_startup.o

.rel.dyn        0x08000110        0x0
 .rel.iplt      0x08000110        0x0 obj/stm32_startup.o

.data           0x20000000        0x0 load address 0x08000110
                0x20000000                _sdata = .
 *(.data)
 .data          0x20000000        0x0 obj/main.o
 .data          0x20000000        0x0 obj/stm32_startup.o
 *(.data.*)
                0x20000000                . = ALIGN (0x4)
                0x20000000                _edata = .

.igot.plt       0x20000000        0x0 load address 0x08000110
 .igot.plt      0x20000000        0x0 obj/stm32_startup.o

.bss            0x20000000        0x0 load address 0x08000110
                0x20000000                _sbss = .
                0x20000000                __bss_start__ = _sbss
 *(.bss)
 .bss           0x20000000        0x0 obj/main.o
 .bss           0x20000000        0x0 obj/stm32_startup.o
 *(.bss.*)
 *(COMMON)
                0x20000000                . = ALIGN (0x4)
                0x20000000                _ebss = .
                0x20000000                __bss_end__ = _ebss
                0x20000000                . = ALIGN (0x4)
                0x20000000                end = .
                0x20000000                __end__ = .
OUTPUT(obj/timer_blinky_17.elf elf32-littlearm)
LOAD linker stubs

.debug_info     0x00000000      0x323
 .debug_info    0x00000000      0x1a9 obj/main.o
 .debug_info    0x000001a9      0x17a obj/stm32_startup.o

.debug_abbrev   0x00000000      0x14f
 .debug_abbrev  0x00000000       0x94 obj/main.o
 .debug_abbrev  0x00000094       0xbb obj/stm32_startup.o

.debug_aranges  0x00000000       0x40
 .debug_aranges
                0x00000000       0x20 obj/main.o
 .debug_aranges
                0x00000020       0x20 obj/stm32_startup.o

.debug_line     0x00000000      0x25c
 .debug_line    0x00000000      0x10f obj/main.o
 .debug_line    0x0000010f      0x14d obj/stm32_startup.o

.debug_str      0x00000000      0x2cf
 .debug_str     0x00000000      0x25e obj/main.o
                                0x29b (size before relaxing)
 .debug_str     0x0000025e       0x71 obj/stm32_startup.o
                                0x1a5 (size before relaxing)

.comment        0x00000000       0x49
 .comment       0x00000000       0x49 obj/main.o
                                 0x4a (size before relaxing)
 .comment       0x00000049       0x4a obj/stm32_startup.o

.ARM.attributes
                0x00000000       0x2e
 .ARM.attributes
                0x00000000       0x2e obj/main.o
 .ARM.attributes
                0x0000002e       0x2e obj/stm32_startup.o

.debug_frame    0x00000000       0x60
 .debug_frame   0x00000000       0x2c obj/main.o
 .debug_frame   0x0000002c       0x34 obj/stm32_startup.o
