
Memory Configuration

Name             Origin             Length             Attributes
FLASH            0x08000004         0x00100000         xr
SRAM             0x00000000         0x00020000         xrw
*default*        0x00000000         0xffffffff

Linker script and memory map

LOAD obj/main.o

.text           0x08000004       0x30
 *(.isr_vector)
 .isr_vector    0x08000004        0x4 obj/main.o
                0x08000004                vectors
 *(.text)
 .text          0x08000008       0x2c obj/main.o
                0x08000008                Reset_Handler
 *(.text.*)
 *(.init)
 *(.fini)
 *(.rodata)
 *(.rodata.*)
                0x08000034                . = ALIGN (0x4)
                0x08000034                _etext = .
                0x08000034                _la_data = LOADADDR (.data)

.glue_7         0x08000034        0x0
 .glue_7        0x08000034        0x0 linker stubs

.glue_7t        0x08000034        0x0
 .glue_7t       0x08000034        0x0 linker stubs

.vfp11_veneer   0x08000034        0x0
 .vfp11_veneer  0x08000034        0x0 linker stubs

.v4_bx          0x08000034        0x0
 .v4_bx         0x08000034        0x0 linker stubs

.iplt           0x08000034        0x0
 .iplt          0x08000034        0x0 obj/main.o

.rel.dyn        0x08000034        0x0
 .rel.iplt      0x08000034        0x0 obj/main.o

.data           0x00000000        0x0 load address 0x08000034
                0x00000000                _sdata = .
 *(.data)
 .data          0x00000000        0x0 obj/main.o
 *(.data.*)
                0x00000000                . = ALIGN (0x4)
                0x00000000                _edata = .

.igot.plt       0x00000000        0x0 load address 0x08000034
 .igot.plt      0x00000000        0x0 obj/main.o

.bss            0x00000000        0x0 load address 0x08000034
                0x00000000                _sbss = .
                0x00000000                __bss_start__ = _sbss
 *(.bss)
 .bss           0x00000000        0x0 obj/main.o
 *(.bss.*)
 *(COMMON)
                0x00000000                . = ALIGN (0x4)
                0x00000000                _ebss = .
                0x00000000                __bss_end__ = _ebss
                0x00000000                . = ALIGN (0x4)
                0x00000000                end = .
                0x00000000                __end__ = .
OUTPUT(obj/button_blinky_06.elf elf32-littlearm)
LOAD linker stubs

.debug_info     0x00000000       0xe3
 .debug_info    0x00000000       0xe3 obj/main.o

.debug_abbrev   0x00000000       0x96
 .debug_abbrev  0x00000000       0x96 obj/main.o

.debug_aranges  0x00000000       0x20
 .debug_aranges
                0x00000000       0x20 obj/main.o

.debug_line     0x00000000       0xf9
 .debug_line    0x00000000       0xf9 obj/main.o

.debug_str      0x00000000      0x126
 .debug_str     0x00000000      0x126 obj/main.o
                                0x163 (size before relaxing)

.comment        0x00000000       0x49
 .comment       0x00000000       0x49 obj/main.o
                                 0x4a (size before relaxing)

.ARM.attributes
                0x00000000       0x2e
 .ARM.attributes
                0x00000000       0x2e obj/main.o

.debug_frame    0x00000000       0x20
 .debug_frame   0x00000000       0x20 obj/main.o
