
Memory Configuration

Name             Origin             Length             Attributes
FLASH            0x08000000         0x00100000         xr
SRAM             0x20000000         0x00020000         xrw
*default*        0x00000000         0xffffffff

Linker script and memory map

LOAD obj/minimal_arduino.o
LOAD obj/main.o
LOAD obj/stm32_startup.o

.text           0x08000000      0x2d4
 *(.isr_vector)
 .isr_vector    0x08000000        0x8 obj/stm32_startup.o
                0x08000000                vectors
 *(.text)
 .text          0x08000008      0x1f8 obj/minimal_arduino.o
                0x08000008                initGpio
                0x0800002c                pinMode
                0x080000b4                digitalRead
                0x0800011c                digitalWrite
                0x080001d4                delay
 .text          0x08000200       0x4a obj/main.o
                0x08000200                setup
                0x08000210                loop
                0x08000238                main
 *fill*         0x0800024a        0x2 
 .text          0x0800024c       0x84 obj/stm32_startup.o
                0x0800024c                Reset_Handler
 *(.text.*)
 *(.init)
 *(.fini)
 *(.rodata)
 .rodata        0x080002d0        0x4 obj/minimal_arduino.o
                0x080002d0                CountsPerMs
 *(.rodata.*)
                0x080002d4                . = ALIGN (0x4)
                0x080002d4                _etext = .
                0x080002d4                _la_data = LOADADDR (.data)

.glue_7         0x080002d4        0x0
 .glue_7        0x080002d4        0x0 linker stubs

.glue_7t        0x080002d4        0x0
 .glue_7t       0x080002d4        0x0 linker stubs

.vfp11_veneer   0x080002d4        0x0
 .vfp11_veneer  0x080002d4        0x0 linker stubs

.v4_bx          0x080002d4        0x0
 .v4_bx         0x080002d4        0x0 linker stubs

.iplt           0x080002d4        0x0
 .iplt          0x080002d4        0x0 obj/minimal_arduino.o

.rel.dyn        0x080002d4        0x0
 .rel.iplt      0x080002d4        0x0 obj/minimal_arduino.o

.data           0x20000000        0xc load address 0x080002d4
                0x20000000                _sdata = .
 *(.data)
 .data          0x20000000        0xc obj/minimal_arduino.o
                0x20000000                RCC_PRPH
                0x20000004                GPIOA_PRPH
                0x20000008                GPIOD_PRPH
 .data          0x2000000c        0x0 obj/main.o
 .data          0x2000000c        0x0 obj/stm32_startup.o
 *(.data.*)
                0x2000000c                . = ALIGN (0x4)
                0x2000000c                _edata = .

.igot.plt       0x2000000c        0x0 load address 0x080002e0
 .igot.plt      0x2000000c        0x0 obj/minimal_arduino.o

.bss            0x2000000c        0x0 load address 0x080002e0
                0x2000000c                _sbss = .
                0x2000000c                __bss_start__ = _sbss
 *(.bss)
 .bss           0x2000000c        0x0 obj/minimal_arduino.o
 .bss           0x2000000c        0x0 obj/main.o
 .bss           0x2000000c        0x0 obj/stm32_startup.o
 *(.bss.*)
 *(COMMON)
                0x2000000c                . = ALIGN (0x4)
                0x2000000c                _ebss = .
                0x2000000c                __bss_end__ = _ebss
                0x2000000c                . = ALIGN (0x4)
                0x2000000c                end = .
                0x2000000c                __end__ = .
OUTPUT(obj/arduino_delay_blinky_00.elf elf32-littlearm)
LOAD linker stubs

.debug_info     0x00000000      0x560
 .debug_info    0x00000000      0x30a obj/minimal_arduino.o
 .debug_info    0x0000030a       0xdc obj/main.o
 .debug_info    0x000003e6      0x17a obj/stm32_startup.o

.debug_abbrev   0x00000000      0x248
 .debug_abbrev  0x00000000      0x108 obj/minimal_arduino.o
 .debug_abbrev  0x00000108       0x85 obj/main.o
 .debug_abbrev  0x0000018d       0xbb obj/stm32_startup.o

.debug_aranges  0x00000000       0x60
 .debug_aranges
                0x00000000       0x20 obj/minimal_arduino.o
 .debug_aranges
                0x00000020       0x20 obj/main.o
 .debug_aranges
                0x00000040       0x20 obj/stm32_startup.o

.debug_line     0x00000000      0x3e6
 .debug_line    0x00000000      0x22e obj/minimal_arduino.o
 .debug_line    0x0000022e       0x6b obj/main.o
 .debug_line    0x00000299      0x14d obj/stm32_startup.o

.debug_str      0x00000000      0x417
 .debug_str     0x00000000      0x388 obj/minimal_arduino.o
                                0x3cd (size before relaxing)
 .debug_str     0x00000388       0x28 obj/main.o
                                0x14d (size before relaxing)
 .debug_str     0x000003b0       0x67 obj/stm32_startup.o
                                0x1ad (size before relaxing)

.comment        0x00000000       0x49
 .comment       0x00000000       0x49 obj/minimal_arduino.o
                                 0x4a (size before relaxing)
 .comment       0x00000049       0x4a obj/main.o
 .comment       0x00000049       0x4a obj/stm32_startup.o

.ARM.attributes
                0x00000000       0x2e
 .ARM.attributes
                0x00000000       0x2e obj/minimal_arduino.o
 .ARM.attributes
                0x0000002e       0x2e obj/main.o
 .ARM.attributes
                0x0000005c       0x2e obj/stm32_startup.o

.debug_frame    0x00000000      0x168
 .debug_frame   0x00000000       0xd0 obj/minimal_arduino.o
 .debug_frame   0x000000d0       0x64 obj/main.o
 .debug_frame   0x00000134       0x34 obj/stm32_startup.o
